chris@chris-z4:~/chris-DASH/DASH/dash-pipeline$ docker run -it --rm p4lang/behavioral-model:stable
root@c1925458bdf3:/behavioral-model# cd /usr/lib/
root@c1925458bdf3:/usr/lib# ls

root@c1925458bdf3:/usr/local/lib# nm -D /usr/local/lib/libpiprotogrpc.so.0 |grep P4Runtime4Stub|grep async
00000000000488e0 T _ZN2p42v19P4Runtime4Stub18experimental_async12CapabilitiesEPN4grpc13ClientContextEPKNS0_19CapabilitiesRequestEPNS0_20CapabilitiesResponseESt8functionIFvNS4_6StatusEEE
0000000000048ff0 T _ZN2p42v19P4Runtime4Stub18experimental_async27GetForwardingPipelineConfigEPN4grpc13ClientContextEPKNS0_34GetForwardingPipelineConfigRequestEPNS0_35GetForwardingPipelineConfigResponseESt8functionIFvNS4_6StatusEEE
00000000000496f0 T _ZN2p42v19P4Runtime4Stub18experimental_async27SetForwardingPipelineConfigEPN4grpc13ClientContextEPKNS0_34SetForwardingPipelineConfigRequestEPNS0_35SetForwardingPipelineConfigResponseESt8functionIFvNS4_6StatusEEE
0000000000049eb0 T _ZN2p42v19P4Runtime4Stub18experimental_async5WriteEPN4grpc13ClientContextEPKNS0_12WriteRequestEPNS0_13WriteResponseESt8functionIFvNS4_6StatusEEE
000000000004b770 W _ZN2p42v19P4Runtime4Stub18experimental_asyncD0Ev
000000000004b000 W _ZN2p42v19P4Runtime4Stub18experimental_asyncD1Ev
000000000004b000 W _ZN2p42v19P4Runtime4Stub18experimental_asyncD2Ev
000000000004aa70 W _ZN2p42v19P4Runtime4Stub18experimental_asyncEv
00000000002953b0 V _ZTIN2p42v19P4Runtime4Stub18experimental_asyncE
0000000000082ea0 V _ZTSN2p42v19P4Runtime4Stub18experimental_asyncE
0000000000296a50 V _ZTVN2p42v19P4Runtime4Stub18experimental_asyncE    <========= "experimental" version of what we want? _ZTVN2p42v19P4Runtime4Stub5asyncE

apt  binfmt.d  dpkg  gcc  gnupg  insserv  libavl.so.1  libavl.so.1.5  locale  mime  modules-load.d  os-release  python2.7  python3  python3.5  sasl2  systemd  tar  tmpfiles.d  valgrind  x86_64-linux-gnu

root@c1925458bdf3:/usr/lib# cd /usr/local/lib
root@c1925458bdf3:/usr/local/lib# ls
libSysrepo-cpp.so              libbmpdfixedthrift.la              libgrpc++_reflection.so.1.17.1  libpi.so.0.0.0              libpifeproto.so             libprotobuf.a                    libsimpleswitch_thrift.so.0
libSysrepo-cpp.so.0.7          libbmpdfixedthrift.so              libgrpc++_unsecure.a            libpi_dummy.a               libpifeproto.so.0           libprotobuf.la                   libsimpleswitch_thrift.so.0.0.0
libSysrepo-cpp.so.0.7.5        libbmpdfixedthrift.so.0            libgrpc++_unsecure.so           libpi_dummy.la              libpifeproto.so.0.0.0       libprotobuf.so                   libsysrepo.a
libaddress_sorting.a           libbmpdfixedthrift.so.0.0.0        libgrpc++_unsecure.so.1         libpi_dummy.so              libpigrpcserver.a           libprotobuf.so.17                libsysrepo.so
libaddress_sorting.so          libbmpi.a                          libgrpc++_unsecure.so.1.17.1    libpi_dummy.so.0            libpigrpcserver.la          libprotobuf.so.17.0.0            libsysrepo.so.0.7
libaddress_sorting.so.7        libbmpi.la                         libgrpc.a                       libpi_dummy.so.0.0.0        libpigrpcserver.so          libprotoc.a                      libsysrepo.so.0.7.5
libaddress_sorting.so.7.0.0    libbmpi.so                         libgrpc.so                      libpiall.a                  libpigrpcserver.so.0        libprotoc.la                     libthrift-0.11.0.so
libbm_grpc_dataplane.a         libbmpi.so.0                       libgrpc.so.7                    libpiall.la                 libpigrpcserver.so.0.0.0    libprotoc.so                     libthrift.a
libbm_grpc_dataplane.la        libbmpi.so.0.0.0                   libgrpc.so.7.0.0                libpiall.so                 libpip4info.a               libprotoc.so.17                  libthrift.la
libbm_grpc_dataplane.so        libgpr.a                           libgrpc_cronet.a                libpiall.so.0               libpip4info.la              libprotoc.so.17.0.0              libthrift.so
libbm_grpc_dataplane.so.0      libgpr.so                          libgrpc_cronet.so               libpiall.so.0.0.0           libpip4info.so              libpsaswitch_thrift.a            libthriftnb-0.11.0.so
libbm_grpc_dataplane.so.0.0.0  libgpr.so.7                        libgrpc_cronet.so.7             libpiconvertproto.a         libpip4info.so.0            libpsaswitch_thrift.la           libthriftnb.a
libbmall.a                     libgpr.so.7.0.0                    libgrpc_cronet.so.7.0.0         libpiconvertproto.la        libpip4info.so.0.0.0        libpsaswitch_thrift.so           libthriftnb.la
libbmall.la                    libgrpc++.a                        libgrpc_unsecure.a              libpiconvertproto.so        libpiprotobuf.a             libpsaswitch_thrift.so.0         libthriftnb.so
libbmall.so                    libgrpc++.so                       libgrpc_unsecure.so             libpiconvertproto.so.0      libpiprotobuf.la            libpsaswitch_thrift.so.0.0.0     libthriftz-0.11.0.so
libbmall.so.0                  libgrpc++.so.1                     libgrpc_unsecure.so.7           libpiconvertproto.so.0.0.0  libpiprotobuf.so            libruntimestubs.a                libthriftz.a
libbmall.so.0.0.0              libgrpc++.so.1.17.1                libgrpc_unsecure.so.7.0.0       libpifecpp.a                libpiprotobuf.so.0          libruntimestubs.la               libthriftz.la
libbmp4apps.a                  libgrpc++_cronet.a                 libgrpcpp_channelz.a            libpifecpp.la               libpiprotobuf.so.0.0.0      libruntimestubs.so               libthriftz.so
libbmp4apps.la                 libgrpc++_cronet.so                libgrpcpp_channelz.so           libpifecpp.so               libpiprotogrpc.a            libruntimestubs.so.0             libyang
libbmp4apps.so                 libgrpc++_cronet.so.1              libgrpcpp_channelz.so.1         libpifecpp.so.0             libpiprotogrpc.la           libruntimestubs.so.0.0.0         libyang.so
libbmp4apps.so.0               libgrpc++_cronet.so.1.17.1         libgrpcpp_channelz.so.1.17.1    libpifecpp.so.0.0.0         libpiprotogrpc.so           libsimpleswitch_runner.a         libyang.so.0.16
libbmp4apps.so.0.0.0           libgrpc++_error_details.a          libnanomsg.so                   libpifegeneric.a            libpiprotogrpc.so.0         libsimpleswitch_runner.la        libyang.so.0.16.41
libbmpdfixed.a                 libgrpc++_error_details.so         libnanomsg.so.1.0.0             libpifegeneric.la           libpiprotogrpc.so.0.0.0     libsimpleswitch_runner.so        pkgconfig
libbmpdfixed.la                libgrpc++_error_details.so.1       libnanomsg.so.5.0.0             libpifegeneric.so           libprotobuf-lite.a          libsimpleswitch_runner.so.0      python2.7
libbmpdfixed.so                libgrpc++_error_details.so.1.17.1  libpi.a                         libpifegeneric.so.0         libprotobuf-lite.la         libsimpleswitch_runner.so.0.0.0  python3.5
libbmpdfixed.so.0              libgrpc++_reflection.a             libpi.la                        libpifegeneric.so.0.0.0     libprotobuf-lite.so         libsimpleswitch_thrift.a         sysrepo
libbmpdfixed.so.0.0.0          libgrpc++_reflection.so            libpi.so                        libpifeproto.a              libprotobuf-lite.so.17      libsimpleswitch_thrift.la
libbmpdfixedthrift.a           libgrpc++_reflection.so.1          libpi.so.0                      libpifeproto.la             libprotobuf-lite.so.17.0.0  libsimpleswitch_thrift.so

root@c1925458bdf3:/usr/local/lib# ls -1
libSysrepo-cpp.so
libSysrepo-cpp.so.0.7
libSysrepo-cpp.so.0.7.5
libaddress_sorting.a
libaddress_sorting.so
libaddress_sorting.so.7
libaddress_sorting.so.7.0.0
libbm_grpc_dataplane.a
libbm_grpc_dataplane.la
libbm_grpc_dataplane.so
libbm_grpc_dataplane.so.0
libbm_grpc_dataplane.so.0.0.0
libbmall.a
libbmall.la
libbmall.so
libbmall.so.0
libbmall.so.0.0.0
libbmp4apps.a
libbmp4apps.la
libbmp4apps.so
libbmp4apps.so.0
libbmp4apps.so.0.0.0
libbmpdfixed.a
libbmpdfixed.la
libbmpdfixed.so
libbmpdfixed.so.0
libbmpdfixed.so.0.0.0
libbmpdfixedthrift.a
libbmpdfixedthrift.la
libbmpdfixedthrift.so
libbmpdfixedthrift.so.0
libbmpdfixedthrift.so.0.0.0
libbmpi.a
libbmpi.la
libbmpi.so
libbmpi.so.0
libbmpi.so.0.0.0
libgpr.a
libgpr.so
libgpr.so.7
libgpr.so.7.0.0
libgrpc++.a
libgrpc++.so
libgrpc++.so.1
libgrpc++.so.1.17.1
libgrpc++_cronet.a
libgrpc++_cronet.so
libgrpc++_cronet.so.1
libgrpc++_cronet.so.1.17.1
libgrpc++_error_details.a
libgrpc++_error_details.so
libgrpc++_error_details.so.1
libgrpc++_error_details.so.1.17.1
libgrpc++_reflection.a
libgrpc++_reflection.so
libgrpc++_reflection.so.1
libgrpc++_reflection.so.1.17.1
libgrpc++_unsecure.a
libgrpc++_unsecure.so
libgrpc++_unsecure.so.1
libgrpc++_unsecure.so.1.17.1
libgrpc.a
libgrpc.so
libgrpc.so.7
libgrpc.so.7.0.0
libgrpc_cronet.a
libgrpc_cronet.so
libgrpc_cronet.so.7
libgrpc_cronet.so.7.0.0
libgrpc_unsecure.a
libgrpc_unsecure.so
libgrpc_unsecure.so.7
libgrpc_unsecure.so.7.0.0
libgrpcpp_channelz.a
libgrpcpp_channelz.so
libgrpcpp_channelz.so.1
libgrpcpp_channelz.so.1.17.1
libnanomsg.so
libnanomsg.so.1.0.0
libnanomsg.so.5.0.0
libpi.a
libpi.la
libpi.so
libpi.so.0
libpi.so.0.0.0
libpi_dummy.a
libpi_dummy.la
libpi_dummy.so
libpi_dummy.so.0
libpi_dummy.so.0.0.0
libpiall.a
libpiall.la
libpiall.so
libpiall.so.0
libpiall.so.0.0.0
libpiconvertproto.a
libpiconvertproto.la
libpiconvertproto.so
libpiconvertproto.so.0
libpiconvertproto.so.0.0.0
libpifecpp.a
libpifecpp.la
libpifecpp.so
libpifecpp.so.0
libpifecpp.so.0.0.0
libpifegeneric.a
libpifegeneric.la
libpifegeneric.so
libpifegeneric.so.0
libpifegeneric.so.0.0.0
libpifeproto.a
libpifeproto.la
libpifeproto.so
libpifeproto.so.0
libpifeproto.so.0.0.0
libpigrpcserver.a
libpigrpcserver.la
libpigrpcserver.so
libpigrpcserver.so.0
libpigrpcserver.so.0.0.0
libpip4info.a
libpip4info.la
libpip4info.so
libpip4info.so.0
libpip4info.so.0.0.0
libpiprotobuf.a
libpiprotobuf.la
libpiprotobuf.so
libpiprotobuf.so.0
libpiprotobuf.so.0.0.0
libpiprotogrpc.a
libpiprotogrpc.la
libpiprotogrpc.so
libpiprotogrpc.so.0
libpiprotogrpc.so.0.0.0
libprotobuf-lite.a
libprotobuf-lite.la
libprotobuf-lite.so
libprotobuf-lite.so.17
libprotobuf-lite.so.17.0.0
libprotobuf.a
libprotobuf.la
libprotobuf.so
libprotobuf.so.17
libprotobuf.so.17.0.0
libprotoc.a
libprotoc.la
libprotoc.so
libprotoc.so.17
libprotoc.so.17.0.0
libpsaswitch_thrift.a
libpsaswitch_thrift.la
libpsaswitch_thrift.so
libpsaswitch_thrift.so.0
libpsaswitch_thrift.so.0.0.0
libruntimestubs.a
libruntimestubs.la
libruntimestubs.so
libruntimestubs.so.0
libruntimestubs.so.0.0.0
libsimpleswitch_runner.a
libsimpleswitch_runner.la
libsimpleswitch_runner.so
libsimpleswitch_runner.so.0
libsimpleswitch_runner.so.0.0.0
libsimpleswitch_thrift.a
libsimpleswitch_thrift.la
libsimpleswitch_thrift.so
libsimpleswitch_thrift.so.0
libsimpleswitch_thrift.so.0.0.0
libsysrepo.a
libsysrepo.so
libsysrepo.so.0.7
libsysrepo.so.0.7.5
libthrift-0.11.0.so
libthrift.a
libthrift.la
libthrift.so
libthriftnb-0.11.0.so
libthriftnb.a
libthriftnb.la
libthriftnb.so
libthriftz-0.11.0.so
libthriftz.a
libthriftz.la
libthriftz.so
libyang
libyang.so
libyang.so.0.16
libyang.so.0.16.41
pkgconfig
python2.7
python3.5
sysrepo


root@c1925458bdf3:/usr/local/bin# ldd simple_switch_grpc 
	linux-vdso.so.1 =>  (0x00007fff64824000)
	libgrpc++_reflection.so.1 => /usr/local/lib/libgrpc++_reflection.so.1 (0x00007f664679c000)
	libboost_program_options.so.1.58.0 => /usr/lib/x86_64-linux-gnu/libboost_program_options.so.1.58.0 (0x00007f664651e000)
	libboost_filesystem.so.1.58.0 => /usr/lib/x86_64-linux-gnu/libboost_filesystem.so.1.58.0 (0x00007f6646306000)
	libbmpi.so.0 => /usr/local/lib/libbmpi.so.0 (0x00007f66460c5000)
	libdl.so.2 => /lib/x86_64-linux-gnu/libdl.so.2 (0x00007f6645ec1000)
	libpcap.so.0.8 => /usr/lib/x86_64-linux-gnu/libpcap.so.0.8 (0x00007f6645c80000)
	libgmp.so.10 => /usr/lib/x86_64-linux-gnu/libgmp.so.10 (0x00007f6645a00000)
	libnanomsg.so.5.0.0 => /usr/local/lib/libnanomsg.so.5.0.0 (0x00007f66457c3000)
	libbm_grpc_dataplane.so.0 => /usr/local/lib/libbm_grpc_dataplane.so.0 (0x00007f6645587000)
	libpigrpcserver.so.0 => /usr/local/lib/libpigrpcserver.so.0 (0x00007f6645356000)
	libpifeproto.so.0 => /usr/local/lib/libpifeproto.so.0 (0x00007f66450c5000)
	libboost_thread.so.1.58.0 => /usr/lib/x86_64-linux-gnu/libboost_thread.so.1.58.0 (0x00007f6644e9f000)
	libboost_system.so.1.58.0 => /usr/lib/x86_64-linux-gnu/libboost_system.so.1.58.0 (0x00007f6644c9b000)
	libpi.so.0 => /usr/local/lib/libpi.so.0 (0x00007f6644a8c000)
	libpip4info.so.0 => /usr/local/lib/libpip4info.so.0 (0x00007f6644876000)
	libJudy.so.1 => /usr/lib/x86_64-linux-gnu/libJudy.so.1 (0x00007f6644625000)
	libgrpc++.so.1 => /usr/local/lib/libgrpc++.so.1 (0x00007f664439f000)
	libprotobuf.so.17 => /usr/local/lib/libprotobuf.so.17 (0x00007f6643f4c000)
	libstdc++.so.6 => /usr/lib/x86_64-linux-gnu/libstdc++.so.6 (0x00007f6643bca000)
	libm.so.6 => /lib/x86_64-linux-gnu/libm.so.6 (0x00007f66438c1000)
	libgcc_s.so.1 => /lib/x86_64-linux-gnu/libgcc_s.so.1 (0x00007f66436ab000)
	libpthread.so.0 => /lib/x86_64-linux-gnu/libpthread.so.0 (0x00007f664348e000)
	libc.so.6 => /lib/x86_64-linux-gnu/libc.so.6 (0x00007f66430c4000)
	/lib64/ld-linux-x86-64.so.2 (0x00007f66469e4000)
	libanl.so.1 => /lib/x86_64-linux-gnu/libanl.so.1 (0x00007f6642ec0000)
	librt.so.1 => /lib/x86_64-linux-gnu/librt.so.1 (0x00007f6642cb8000)
	libpiprotogrpc.so.0 => /usr/local/lib/libpiprotogrpc.so.0 (0x00007f6642a1e000)
	libpiprotobuf.so.0 => /usr/local/lib/libpiprotobuf.so.0 (0x00007f66425bf000)
	libsysrepo.so.0.7 => /usr/local/lib/libsysrepo.so.0.7 (0x00007f664223b000)
	libyang.so.0.16 => /usr/local/lib/libyang.so.0.16 (0x00007f6641ef4000)
	libpifecpp.so.0 => /usr/local/lib/libpifecpp.so.0 (0x00007f6641ce8000)
	libpiconvertproto.so.0 => /usr/local/lib/libpiconvertproto.so.0 (0x00007f6641add000)
	libgrpc.so.7 => /usr/local/lib/libgrpc.so.7 (0x00007f6641619000)
	libavl.so.1 => /usr/lib/libavl.so.1 (0x00007f6641415000)
	libev.so.4 => /usr/lib/x86_64-linux-gnu/libev.so.4 (0x00007f6641207000)
	libprotobuf-c.so.1 => /usr/lib/x86_64-linux-gnu/libprotobuf-c.so.1 (0x00007f6640ffe000)
	libpcre.so.3 => /lib/x86_64-linux-gnu/libpcre.so.3 (0x00007f6640d8e000)
