chris@chris-z4:~/chris-DASH/DASH/dash-pipeline$ docker run -it --rm p4lang/behavioral-model:no-pi bash

root@1d8369a30db8:/usr/local/lib# nm -D /usr/local/lib/libpiprotogrpc.so.0 |grep P4Runtime4Stub|grep async
nm: '/usr/local/lib/libpiprotogrpc.so.0': No such file

root@1d8369a30db8:/behavioral-model# cd /usr/lib
root@1d8369a30db8:/usr/lib# ls
apt  dpkg  file  init  libavl.so.1  libavl.so.1.5  locale  lsb  mime  os-release  python3  python3.8  python3.9  sasl2  sysctl.d  systemd  terminfo  tmpfiles.d  udev  valgrind  x86_64-linux-gnu
root@1d8369a30db8:/usr/lib# cd /usr/local/lib
root@1d8369a30db8:/usr/local/lib# ls
cmake                                     libabsl_flags_parse.a                             libabsl_raw_hash_set.a          libcares.a                  libprotoc.so.29                  libthrift-0.13.0.so
libSysrepo-cpp.so                         libabsl_flags_private_handle_accessor.a           libabsl_raw_logging_internal.a  libgpr.a                    libprotoc.so.29.0.1              libthrift.a
libSysrepo-cpp.so.0.7                     libabsl_flags_program_name.a                      libabsl_scoped_set_env.a        libgrpc++.a                 libpsaswitch_thrift.a            libthrift.la
libSysrepo-cpp.so.0.7.5                   libabsl_flags_reflection.a                        libabsl_spinlock_wait.a         libgrpc++_alts.a            libpsaswitch_thrift.la           libthrift.so
libabsl_bad_any_cast_impl.a               libabsl_flags_usage.a                             libabsl_stacktrace.a            libgrpc++_error_details.a   libpsaswitch_thrift.so           libthriftnb-0.13.0.so
libabsl_bad_optional_access.a             libabsl_flags_usage_internal.a                    libabsl_status.a                libgrpc++_reflection.a      libpsaswitch_thrift.so.0         libthriftnb.a
libabsl_bad_variant_access.a              libabsl_graphcycles_internal.a                    libabsl_statusor.a              libgrpc++_unsecure.a        libpsaswitch_thrift.so.0.0.0     libthriftnb.la
libabsl_base.a                            libabsl_hash.a                                    libabsl_str_format_internal.a   libgrpc.a                   libre2.a                         libthriftnb.so
libabsl_city.a                            libabsl_hashtablez_sampler.a                      libabsl_strerror.a              libgrpc_plugin_support.a    libruntimestubs.a                libthriftz-0.13.0.so
libabsl_civil_time.a                      libabsl_int128.a                                  libabsl_strings.a               libgrpc_unsecure.a          libruntimestubs.la               libthriftz.a
libabsl_cord.a                            libabsl_leak_check.a                              libabsl_strings_internal.a      libgrpcpp_channelz.a        libruntimestubs.so               libthriftz.la
libabsl_cord_internal.a                   libabsl_leak_check_disable.a                      libabsl_symbolize.a             libnanomsg.so               libruntimestubs.so.0             libthriftz.so
libabsl_cordz_functions.a                 libabsl_log_severity.a                            libabsl_synchronization.a       libnanomsg.so.1.0.0         libruntimestubs.so.0.0.0         libupb.a
libabsl_cordz_handle.a                    libabsl_low_level_hash.a                          libabsl_throw_delegate.a        libnanomsg.so.5.0.0         libsimpleswitch_runner.a         libyang
libabsl_cordz_info.a                      libabsl_malloc_internal.a                         libabsl_time.a                  libprotobuf-lite.a          libsimpleswitch_runner.la        libyang.so
libabsl_cordz_sample_token.a              libabsl_periodic_sampler.a                        libabsl_time_zone.a             libprotobuf-lite.la         libsimpleswitch_runner.so        libyang.so.0.16
libabsl_debugging_internal.a              libabsl_random_distributions.a                    libaddress_sorting.a            libprotobuf-lite.so         libsimpleswitch_runner.so.0      libyang.so.0.16.41
libabsl_demangle_internal.a               libabsl_random_internal_distribution_test_util.a  libbmall.a                      libprotobuf-lite.so.29      libsimpleswitch_runner.so.0.0.0  libz.a
libabsl_examine_stack.a                   libabsl_random_internal_platform.a                libbmall.la                     libprotobuf-lite.so.29.0.1  libsimpleswitch_thrift.a         libz.so
libabsl_exponential_biased.a              libabsl_random_internal_pool_urbg.a               libbmall.so                     libprotobuf.a               libsimpleswitch_thrift.la        libz.so.1
libabsl_failure_signal_handler.a          libabsl_random_internal_randen.a                  libbmall.so.0                   libprotobuf.la              libsimpleswitch_thrift.so        libz.so.1.2.11
libabsl_flags.a                           libabsl_random_internal_randen_hwaes.a            libbmall.so.0.0.0               libprotobuf.so              libsimpleswitch_thrift.so.0      pkgconfig
libabsl_flags_commandlineflag.a           libabsl_random_internal_randen_hwaes_impl.a       libbmp4apps.a                   libprotobuf.so.29           libsimpleswitch_thrift.so.0.0.0  python3.8
libabsl_flags_commandlineflag_internal.a  libabsl_random_internal_randen_slow.a             libbmp4apps.la                  libprotobuf.so.29.0.1       libsysrepo.a                     sysrepo
libabsl_flags_config.a                    libabsl_random_internal_seed_material.a           libbmp4apps.so                  libprotoc.a                 libsysrepo.so
libabsl_flags_internal.a                  libabsl_random_seed_gen_exception.a               libbmp4apps.so.0                libprotoc.la                libsysrepo.so.0.7
libabsl_flags_marshalling.a               libabsl_random_seed_sequences.a                   libbmp4apps.so.0.0.0            libprotoc.so                libsysrepo.so.0.7.5
root@1d8369a30db8:/usr/local/lib# ls -1
cmake
libSysrepo-cpp.so
libSysrepo-cpp.so.0.7
libSysrepo-cpp.so.0.7.5
libabsl_bad_any_cast_impl.a
libabsl_bad_optional_access.a
libabsl_bad_variant_access.a
libabsl_base.a
libabsl_city.a
libabsl_civil_time.a
libabsl_cord.a
libabsl_cord_internal.a
libabsl_cordz_functions.a
libabsl_cordz_handle.a
libabsl_cordz_info.a
libabsl_cordz_sample_token.a
libabsl_debugging_internal.a
libabsl_demangle_internal.a
libabsl_examine_stack.a
libabsl_exponential_biased.a
libabsl_failure_signal_handler.a
libabsl_flags.a
libabsl_flags_commandlineflag.a
libabsl_flags_commandlineflag_internal.a
libabsl_flags_config.a
libabsl_flags_internal.a
libabsl_flags_marshalling.a
libabsl_flags_parse.a
libabsl_flags_private_handle_accessor.a
libabsl_flags_program_name.a
libabsl_flags_reflection.a
libabsl_flags_usage.a
libabsl_flags_usage_internal.a
libabsl_graphcycles_internal.a
libabsl_hash.a
libabsl_hashtablez_sampler.a
libabsl_int128.a
libabsl_leak_check.a
libabsl_leak_check_disable.a
libabsl_log_severity.a
libabsl_low_level_hash.a
libabsl_malloc_internal.a
libabsl_periodic_sampler.a
libabsl_random_distributions.a
libabsl_random_internal_distribution_test_util.a
libabsl_random_internal_platform.a
libabsl_random_internal_pool_urbg.a
libabsl_random_internal_randen.a
libabsl_random_internal_randen_hwaes.a
libabsl_random_internal_randen_hwaes_impl.a
libabsl_random_internal_randen_slow.a
libabsl_random_internal_seed_material.a
libabsl_random_seed_gen_exception.a
libabsl_random_seed_sequences.a
libabsl_raw_hash_set.a
libabsl_raw_logging_internal.a
libabsl_scoped_set_env.a
libabsl_spinlock_wait.a
libabsl_stacktrace.a
libabsl_status.a
libabsl_statusor.a
libabsl_str_format_internal.a
libabsl_strerror.a
libabsl_strings.a
libabsl_strings_internal.a
libabsl_symbolize.a
libabsl_synchronization.a
libabsl_throw_delegate.a
libabsl_time.a
libabsl_time_zone.a
libaddress_sorting.a
libbmall.a
libbmall.la
libbmall.so
libbmall.so.0
libbmall.so.0.0.0
libbmp4apps.a
libbmp4apps.la
libbmp4apps.so
libbmp4apps.so.0
libbmp4apps.so.0.0.0
libcares.a
libgpr.a
libgrpc++.a
libgrpc++_alts.a
libgrpc++_error_details.a
libgrpc++_reflection.a
libgrpc++_unsecure.a
libgrpc.a
libgrpc_plugin_support.a
libgrpc_unsecure.a
libgrpcpp_channelz.a
libnanomsg.so
libnanomsg.so.1.0.0
libnanomsg.so.5.0.0
libprotobuf-lite.a
libprotobuf-lite.la
libprotobuf-lite.so
libprotobuf-lite.so.29
libprotobuf-lite.so.29.0.1
libprotobuf.a
libprotobuf.la
libprotobuf.so
libprotobuf.so.29
libprotobuf.so.29.0.1
libprotoc.a
libprotoc.la
libprotoc.so
libprotoc.so.29
libprotoc.so.29.0.1
libpsaswitch_thrift.a
libpsaswitch_thrift.la
libpsaswitch_thrift.so
libpsaswitch_thrift.so.0
libpsaswitch_thrift.so.0.0.0
libre2.a
libruntimestubs.a
libruntimestubs.la
libruntimestubs.so
libruntimestubs.so.0
libruntimestubs.so.0.0.0
libsimpleswitch_runner.a
libsimpleswitch_runner.la
libsimpleswitch_runner.so
libsimpleswitch_runner.so.0
libsimpleswitch_runner.so.0.0.0
libsimpleswitch_thrift.a
libsimpleswitch_thrift.la
libsimpleswitch_thrift.so
libsimpleswitch_thrift.so.0
libsimpleswitch_thrift.so.0.0.0
libsysrepo.a
libsysrepo.so
libsysrepo.so.0.7
libsysrepo.so.0.7.5
libthrift-0.13.0.so
libthrift.a
libthrift.la
libthrift.so
libthriftnb-0.13.0.so
libthriftnb.a
libthriftnb.la
libthriftnb.so
libthriftz-0.13.0.so
libthriftz.a
libthriftz.la
libthriftz.so
libupb.a
libyang
libyang.so
libyang.so.0.16
libyang.so.0.16.41
libz.a
libz.so
libz.so.1
libz.so.1.2.11
pkgconfig
python3.8
sysrepo
r