chris@chris-z4:~/chris-DASH/DASH/dash-pipeline$ docker run -it --rm p4lang/p4c:stable bash

root@0ec7e02af6f1:/usr/local/lib# nm -D /usr/local/lib/libpiprotogrpc.so.0 |grep _ZTIN2p42v19P4Runtime4Stub18experimental_asyncE
00000000002953b0 V _ZTIN2p42v19P4Runtime4Stub18experimental_asyncE

root@0ec7e02af6f1:/p4c# cd /usr/lib
root@0ec7e02af6f1:/usr/lib# ls
apt             binfmt.d  compat-ld  gcc    gold-ld  ldscripts    libavl.so.1.5  locale  modules-load.d  python2.7  python3.5  systemd  tc          valgrind
binfmt-support  clang     dpkg       gnupg  insserv  libavl.so.1  llvm-3.8       mime    os-release      python3    sasl2      tar      tmpfiles.d  x86_64-linux-gnu

root@0ec7e02af6f1:/usr/lib# cd /usr/local/lib
root@0ec7e02af6f1:/usr/local/lib# ls
libSysrepo-cpp.so              libbmpdfixedthrift.la              libgrpc++_reflection.so.1.17.1  libpi.so.0.0.0              libpifeproto.so             libprotobuf.a                    libsimpleswitch_thrift.so.0
libSysrepo-cpp.so.0.7          libbmpdfixedthrift.so              libgrpc++_unsecure.a            libpi_dummy.a               libpifeproto.so.0           libprotobuf.la                   libsimpleswitch_thrift.so.0.0.0
libSysrepo-cpp.so.0.7.5        libbmpdfixedthrift.so.0            libgrpc++_unsecure.so           libpi_dummy.la              libpifeproto.so.0.0.0       libprotobuf.so                   libsysrepo.a
libaddress_sorting.a           libbmpdfixedthrift.so.0.0.0        libgrpc++_unsecure.so.1         libpi_dummy.so              libpigrpcserver.a           libprotobuf.so.17                libsysrepo.so
libaddress_sorting.so          libbmpi.a                          libgrpc++_unsecure.so.1.17.1    libpi_dummy.so.0            libpigrpcserver.la          libprotobuf.so.17.0.0            libsysrepo.so.0.7
libaddress_sorting.so.7        libbmpi.la                         libgrpc.a                       libpi_dummy.so.0.0.0        libpigrpcserver.so          libprotoc.a                      libsysrepo.so.0.7.5
libaddress_sorting.so.7.0.0    libbmpi.so                         libgrpc.so                      libpiall.a                  libpigrpcserver.so.0        libprotoc.la                     libthrift-0.11.0.so
libbm_grpc_dataplane.a         libbmpi.so.0                       libgrpc.so.7                    libpiall.la                 libpigrpcserver.so.0.0.0    libprotoc.so                     libthrift.a
libbm_grpc_dataplane.la        libbmpi.so.0.0.0                   libgrpc.so.7.0.0                libpiall.so                 libpip4info.a               libprotoc.so.17                  libthrift.la
libbm_grpc_dataplane.so        libgpr.a                           libgrpc_cronet.a                libpiall.so.0               libpip4info.la              libprotoc.so.17.0.0              libthrift.so
libbm_grpc_dataplane.so.0      libgpr.so                          libgrpc_cronet.so               libpiall.so.0.0.0           libpip4info.so              libpsaswitch_thrift.a            libthriftnb-0.11.0.so
libbm_grpc_dataplane.so.0.0.0  libgpr.so.7                        libgrpc_cronet.so.7             libpiconvertproto.a         libpip4info.so.0            libpsaswitch_thrift.la           libthriftnb.a
libbmall.a                     libgpr.so.7.0.0                    libgrpc_cronet.so.7.0.0         libpiconvertproto.la        libpip4info.so.0.0.0        libpsaswitch_thrift.so           libthriftnb.la
libbmall.la                    libgrpc++.a                        libgrpc_unsecure.a              libpiconvertproto.so        libpiprotobuf.a             libpsaswitch_thrift.so.0         libthriftnb.so
libbmall.so                    libgrpc++.so                       libgrpc_unsecure.so             libpiconvertproto.so.0      libpiprotobuf.la            libpsaswitch_thrift.so.0.0.0     libthriftz-0.11.0.so
libbmall.so.0                  libgrpc++.so.1                     libgrpc_unsecure.so.7           libpiconvertproto.so.0.0.0  libpiprotobuf.so            libruntimestubs.a                libthriftz.a
libbmall.so.0.0.0              libgrpc++.so.1.17.1                libgrpc_unsecure.so.7.0.0       libpifecpp.a                libpiprotobuf.so.0          libruntimestubs.la               libthriftz.la
libbmp4apps.a                  libgrpc++_cronet.a                 libgrpcpp_channelz.a            libpifecpp.la               libpiprotobuf.so.0.0.0      libruntimestubs.so               libthriftz.so
libbmp4apps.la                 libgrpc++_cronet.so                libgrpcpp_channelz.so           libpifecpp.so               libpiprotogrpc.a            libruntimestubs.so.0             libyang
libbmp4apps.so                 libgrpc++_cronet.so.1              libgrpcpp_channelz.so.1         libpifecpp.so.0             libpiprotogrpc.la           libruntimestubs.so.0.0.0         libyang.so
libbmp4apps.so.0               libgrpc++_cronet.so.1.17.1         libgrpcpp_channelz.so.1.17.1    libpifecpp.so.0.0.0         libpiprotogrpc.so           libsimpleswitch_runner.a         libyang.so.0.16
libbmp4apps.so.0.0.0           libgrpc++_error_details.a          libnanomsg.so                   libpifegeneric.a            libpiprotogrpc.so.0         libsimpleswitch_runner.la        libyang.so.0.16.41
libbmpdfixed.a                 libgrpc++_error_details.so         libnanomsg.so.1.0.0             libpifegeneric.la           libpiprotogrpc.so.0.0.0     libsimpleswitch_runner.so        pkgconfig
libbmpdfixed.la                libgrpc++_error_details.so.1       libnanomsg.so.5.0.0             libpifegeneric.so           libprotobuf-lite.a          libsimpleswitch_runner.so.0      python2.7
libbmpdfixed.so                libgrpc++_error_details.so.1.17.1  libpi.a                         libpifegeneric.so.0         libprotobuf-lite.la         libsimpleswitch_runner.so.0.0.0  python3.5
libbmpdfixed.so.0              libgrpc++_reflection.a             libpi.la                        libpifegeneric.so.0.0.0     libprotobuf-lite.so         libsimpleswitch_thrift.a         services
libbmpdfixed.so.0.0.0          libgrpc++_reflection.so            libpi.so                        libpifeproto.a              libprotobuf-lite.so.17      libsimpleswitch_thrift.la        sysrepo
libbmpdfixedthrift.a           libgrpc++_reflection.so.1          libpi.so.0                      libpifeproto.la             libprotobuf-lite.so.17.0.0  libsimpleswitch_thrift.so

root@0ec7e02af6f1:/usr/local/lib# ls -1
libSysrepo-cpp.so
libSysrepo-cpp.so.0.7
libSysrepo-cpp.so.0.7.5
libaddress_sorting.a
libaddress_sorting.so
libaddress_sorting.so.7
libaddress_sorting.so.7.0.0
libbm_grpc_dataplane.a
libbm_grpc_dataplane.la
libbm_grpc_dataplane.so
libbm_grpc_dataplane.so.0
libbm_grpc_dataplane.so.0.0.0
libbmall.a
libbmall.la
libbmall.so
libbmall.so.0
libbmall.so.0.0.0
libbmp4apps.a
libbmp4apps.la
libbmp4apps.so
libbmp4apps.so.0
libbmp4apps.so.0.0.0
libbmpdfixed.a
libbmpdfixed.la
libbmpdfixed.so
libbmpdfixed.so.0
libbmpdfixed.so.0.0.0
libbmpdfixedthrift.a
libbmpdfixedthrift.la
libbmpdfixedthrift.so
libbmpdfixedthrift.so.0
libbmpdfixedthrift.so.0.0.0
libbmpi.a
libbmpi.la
libbmpi.so
libbmpi.so.0
libbmpi.so.0.0.0
libgpr.a
libgpr.so
libgpr.so.7
libgpr.so.7.0.0
libgrpc++.a
libgrpc++.so
libgrpc++.so.1
libgrpc++.so.1.17.1
libgrpc++_cronet.a
libgrpc++_cronet.so
libgrpc++_cronet.so.1
libgrpc++_cronet.so.1.17.1
libgrpc++_error_details.a
libgrpc++_error_details.so
libgrpc++_error_details.so.1
libgrpc++_error_details.so.1.17.1
libgrpc++_reflection.a
libgrpc++_reflection.so
libgrpc++_reflection.so.1
libgrpc++_reflection.so.1.17.1
libgrpc++_unsecure.a
libgrpc++_unsecure.so
libgrpc++_unsecure.so.1
libgrpc++_unsecure.so.1.17.1
libgrpc.a
libgrpc.so
libgrpc.so.7
libgrpc.so.7.0.0
libgrpc_cronet.a
libgrpc_cronet.so
libgrpc_cronet.so.7
libgrpc_cronet.so.7.0.0
libgrpc_unsecure.a
libgrpc_unsecure.so
libgrpc_unsecure.so.7
libgrpc_unsecure.so.7.0.0
libgrpcpp_channelz.a
libgrpcpp_channelz.so
libgrpcpp_channelz.so.1
libgrpcpp_channelz.so.1.17.1
libnanomsg.so
libnanomsg.so.1.0.0
libnanomsg.so.5.0.0
libpi.a
libpi.la
libpi.so
libpi.so.0
libpi.so.0.0.0
libpi_dummy.a
libpi_dummy.la
libpi_dummy.so
libpi_dummy.so.0
libpi_dummy.so.0.0.0
libpiall.a
libpiall.la
libpiall.so
libpiall.so.0
libpiall.so.0.0.0
libpiconvertproto.a
libpiconvertproto.la
libpiconvertproto.so
libpiconvertproto.so.0
libpiconvertproto.so.0.0.0
libpifecpp.a
libpifecpp.la
libpifecpp.so
libpifecpp.so.0
libpifecpp.so.0.0.0
libpifegeneric.a
libpifegeneric.la
libpifegeneric.so
libpifegeneric.so.0
libpifegeneric.so.0.0.0
libpifeproto.a
libpifeproto.la
libpifeproto.so
libpifeproto.so.0
libpifeproto.so.0.0.0
libpigrpcserver.a
libpigrpcserver.la
libpigrpcserver.so
libpigrpcserver.so.0
libpigrpcserver.so.0.0.0
libpip4info.a
libpip4info.la
libpip4info.so
libpip4info.so.0
libpip4info.so.0.0.0
libpiprotobuf.a
libpiprotobuf.la
libpiprotobuf.so
libpiprotobuf.so.0
libpiprotobuf.so.0.0.0
libpiprotogrpc.a
libpiprotogrpc.la
libpiprotogrpc.so
libpiprotogrpc.so.0
libpiprotogrpc.so.0.0.0
libprotobuf-lite.a
libprotobuf-lite.la
libprotobuf-lite.so
libprotobuf-lite.so.17
libprotobuf-lite.so.17.0.0
libprotobuf.a
libprotobuf.la
libprotobuf.so
libprotobuf.so.17
libprotobuf.so.17.0.0
libprotoc.a
libprotoc.la
libprotoc.so
libprotoc.so.17
libprotoc.so.17.0.0
libpsaswitch_thrift.a
libpsaswitch_thrift.la
libpsaswitch_thrift.so
libpsaswitch_thrift.so.0
libpsaswitch_thrift.so.0.0.0
libruntimestubs.a
libruntimestubs.la
libruntimestubs.so
libruntimestubs.so.0
libruntimestubs.so.0.0.0
libsimpleswitch_runner.a
libsimpleswitch_runner.la
libsimpleswitch_runner.so
libsimpleswitch_runner.so.0
libsimpleswitch_runner.so.0.0.0
libsimpleswitch_thrift.a
libsimpleswitch_thrift.la
libsimpleswitch_thrift.so
libsimpleswitch_thrift.so.0
libsimpleswitch_thrift.so.0.0.0
libsysrepo.a
libsysrepo.so
libsysrepo.so.0.7
libsysrepo.so.0.7.5
libthrift-0.11.0.so
libthrift.a
libthrift.la
libthrift.so
libthriftnb-0.11.0.so
libthriftnb.a
libthriftnb.la
libthriftnb.so
libthriftz-0.11.0.so
libthriftz.a
libthriftz.la
libthriftz.so
libyang
libyang.so
libyang.so.0.16
libyang.so.0.16.41
pkgconfig
python2.7
python3.5
services
sysrepo
