chris@chris-z4:~/chris-DASH/DASH/dash-pipeline$ docker run -it --rm p4lang/third-party bash

root@41bfeaba74dd:/usr/local/lib# nm -D /usr/local/lib/libpiprotogrpc.so.0 |grep _ZTVN2p42v19P4Runtime4Stub5asyncE
nm: '/usr/local/lib/libpiprotogrpc.so.0': No such file

root@41bfeaba74dd:/usr/local/lib# cd /usr/lib
root@41bfeaba74dd:/usr/lib# ls
apt  dpkg  init  libavl.so.1  libavl.so.1.5  locale  lsb  mime  os-release  python3  python3.8  python3.9  sasl2  sysctl.d  systemd  terminfo  tmpfiles.d  udev  valgrind  x86_64-linux-gnu

root@41bfeaba74dd:/usr/lib# cd /usr/local/lib
root@41bfeaba74dd:/usr/local/lib# ls
cmake                          libabsl_exponential_biased.a              libabsl_leak_check_disable.a                      libabsl_spinlock_wait.a        libgrpc++_reflection.a      libprotoc.a            libthriftz.a
libSysrepo-cpp.so              libabsl_failure_signal_handler.a          libabsl_log_severity.a                            libabsl_stacktrace.a           libgrpc++_unsecure.a        libprotoc.la           libthriftz.la
libSysrepo-cpp.so.0.7          libabsl_flags.a                           libabsl_low_level_hash.a                          libabsl_status.a               libgrpc.a                   libprotoc.so           libthriftz.so
libSysrepo-cpp.so.0.7.5        libabsl_flags_commandlineflag.a           libabsl_malloc_internal.a                         libabsl_statusor.a             libgrpc_plugin_support.a    libprotoc.so.29        libupb.a
libabsl_bad_any_cast_impl.a    libabsl_flags_commandlineflag_internal.a  libabsl_periodic_sampler.a                        libabsl_str_format_internal.a  libgrpc_unsecure.a          libprotoc.so.29.0.1    libyang
libabsl_bad_optional_access.a  libabsl_flags_config.a                    libabsl_random_distributions.a                    libabsl_strerror.a             libgrpcpp_channelz.a        libre2.a               libyang.so
libabsl_bad_variant_access.a   libabsl_flags_internal.a                  libabsl_random_internal_distribution_test_util.a  libabsl_strings.a              libnanomsg.so               libsysrepo.a           libyang.so.0.16
libabsl_base.a                 libabsl_flags_marshalling.a               libabsl_random_internal_platform.a                libabsl_strings_internal.a     libnanomsg.so.1.0.0         libsysrepo.so          libyang.so.0.16.41
libabsl_city.a                 libabsl_flags_parse.a                     libabsl_random_internal_pool_urbg.a               libabsl_symbolize.a            libnanomsg.so.5.0.0         libsysrepo.so.0.7      libz.a
libabsl_civil_time.a           libabsl_flags_private_handle_accessor.a   libabsl_random_internal_randen.a                  libabsl_synchronization.a      libprotobuf-lite.a          libsysrepo.so.0.7.5    libz.so
libabsl_cord.a                 libabsl_flags_program_name.a              libabsl_random_internal_randen_hwaes.a            libabsl_throw_delegate.a       libprotobuf-lite.la         libthrift-0.13.0.so    libz.so.1
libabsl_cord_internal.a        libabsl_flags_reflection.a                libabsl_random_internal_randen_hwaes_impl.a       libabsl_time.a                 libprotobuf-lite.so         libthrift.a            libz.so.1.2.11
libabsl_cordz_functions.a      libabsl_flags_usage.a                     libabsl_random_internal_randen_slow.a             libabsl_time_zone.a            libprotobuf-lite.so.29      libthrift.la           pkgconfig
libabsl_cordz_handle.a         libabsl_flags_usage_internal.a            libabsl_random_internal_seed_material.a           libaddress_sorting.a           libprotobuf-lite.so.29.0.1  libthrift.so           python3.8
libabsl_cordz_info.a           libabsl_graphcycles_internal.a            libabsl_random_seed_gen_exception.a               libcares.a                     libprotobuf.a               libthriftnb-0.13.0.so  sysrepo
libabsl_cordz_sample_token.a   libabsl_hash.a                            libabsl_random_seed_sequences.a                   libgpr.a                       libprotobuf.la              libthriftnb.a
libabsl_debugging_internal.a   libabsl_hashtablez_sampler.a              libabsl_raw_hash_set.a                            libgrpc++.a                    libprotobuf.so              libthriftnb.la
libabsl_demangle_internal.a    libabsl_int128.a                          libabsl_raw_logging_internal.a                    libgrpc++_alts.a               libprotobuf.so.29           libthriftnb.so
libabsl_examine_stack.a        libabsl_leak_check.a                      libabsl_scoped_set_env.a                          libgrpc++_error_details.a      libprotobuf.so.29.0.1       libthriftz-0.13.0.so

root@41bfeaba74dd:/usr/local/lib# ls -1
cmake
libSysrepo-cpp.so
libSysrepo-cpp.so.0.7
libSysrepo-cpp.so.0.7.5
libabsl_bad_any_cast_impl.a
libabsl_bad_optional_access.a
libabsl_bad_variant_access.a
libabsl_base.a
libabsl_city.a
libabsl_civil_time.a
libabsl_cord.a
libabsl_cord_internal.a
libabsl_cordz_functions.a
libabsl_cordz_handle.a
libabsl_cordz_info.a
libabsl_cordz_sample_token.a
libabsl_debugging_internal.a
libabsl_demangle_internal.a
libabsl_examine_stack.a
libabsl_exponential_biased.a
libabsl_failure_signal_handler.a
libabsl_flags.a
libabsl_flags_commandlineflag.a
libabsl_flags_commandlineflag_internal.a
libabsl_flags_config.a
libabsl_flags_internal.a
libabsl_flags_marshalling.a
libabsl_flags_parse.a
libabsl_flags_private_handle_accessor.a
libabsl_flags_program_name.a
libabsl_flags_reflection.a
libabsl_flags_usage.a
libabsl_flags_usage_internal.a
libabsl_graphcycles_internal.a
libabsl_hash.a
libabsl_hashtablez_sampler.a
libabsl_int128.a
libabsl_leak_check.a
libabsl_leak_check_disable.a
libabsl_log_severity.a
libabsl_low_level_hash.a
libabsl_malloc_internal.a
libabsl_periodic_sampler.a
libabsl_random_distributions.a
libabsl_random_internal_distribution_test_util.a
libabsl_random_internal_platform.a
libabsl_random_internal_pool_urbg.a
libabsl_random_internal_randen.a
libabsl_random_internal_randen_hwaes.a
libabsl_random_internal_randen_hwaes_impl.a
libabsl_random_internal_randen_slow.a
libabsl_random_internal_seed_material.a
libabsl_random_seed_gen_exception.a
libabsl_random_seed_sequences.a
libabsl_raw_hash_set.a
libabsl_raw_logging_internal.a
libabsl_scoped_set_env.a
libabsl_spinlock_wait.a
libabsl_stacktrace.a
libabsl_status.a
libabsl_statusor.a
libabsl_str_format_internal.a
libabsl_strerror.a
libabsl_strings.a
libabsl_strings_internal.a
libabsl_symbolize.a
libabsl_synchronization.a
libabsl_throw_delegate.a
libabsl_time.a
libabsl_time_zone.a
libaddress_sorting.a
libcares.a
libgpr.a
libgrpc++.a
libgrpc++_alts.a
libgrpc++_error_details.a
libgrpc++_reflection.a
libgrpc++_unsecure.a
libgrpc.a
libgrpc_plugin_support.a
libgrpc_unsecure.a
libgrpcpp_channelz.a
libnanomsg.so
libnanomsg.so.1.0.0
libnanomsg.so.5.0.0
libprotobuf-lite.a
libprotobuf-lite.la
libprotobuf-lite.so
libprotobuf-lite.so.29
libprotobuf-lite.so.29.0.1
libprotobuf.a
libprotobuf.la
libprotobuf.so
libprotobuf.so.29
libprotobuf.so.29.0.1
libprotoc.a
libprotoc.la
libprotoc.so
libprotoc.so.29
libprotoc.so.29.0.1
libre2.a
libsysrepo.a
libsysrepo.so
libsysrepo.so.0.7
libsysrepo.so.0.7.5
libthrift-0.13.0.so
libthrift.a
libthrift.la
libthrift.so
libthriftnb-0.13.0.so
libthriftnb.a
libthriftnb.la
libthriftnb.so
libthriftz-0.13.0.so
libthriftz.a
libthriftz.la
libthriftz.so
libupb.a
libyang
libyang.so
libyang.so.0.16
libyang.so.0.16.41
libz.a
libz.so
libz.so.1
libz.so.1.2.11
pkgconfig
python3.8
sysrepo
