chris@chris-z4:~/chris-DASH/DASH/dash-pipeline$ docker run -it --rm p4lang/pi bash

root@97acd178acec:/usr/local/lib# nm -D /usr/local/lib/libpiprotogrpc.so.0 |grep _ZTVN2p42v19P4Runtime4Stub5asyncE
00000000000c21f0 V _ZTVN2p42v19P4Runtime4Stub5asyncE <====

root@97acd178acec:/PI# cd /usr/lib
root@97acd178acec:/usr/lib# ls
apt  dpkg  file  init  libavl.so.1  libavl.so.1.5  locale  lsb  mime  os-release  python3  python3.8  python3.9  sasl2  sysctl.d  systemd  terminfo  tmpfiles.d  udev  valgrind  x86_64-linux-gnu

root@97acd178acec:/usr/lib# cd /usr/local/lib
root@97acd178acec:/usr/local/lib# ls
cmake                                     libabsl_flags_usage.a                             libabsl_strerror.a          libpi_dummy.so.0            libpigrpcserver.so.0.0.0    libre2.a
libSysrepo-cpp.so                         libabsl_flags_usage_internal.a                    libabsl_strings.a           libpi_dummy.so.0.0.0        libpip4info.a               libsysrepo.a
libSysrepo-cpp.so.0.7                     libabsl_graphcycles_internal.a                    libabsl_strings_internal.a  libpiall.a                  libpip4info.la              libsysrepo.so
libSysrepo-cpp.so.0.7.5                   libabsl_hash.a                                    libabsl_symbolize.a         libpiall.la                 libpip4info.so              libsysrepo.so.0.7
libabsl_bad_any_cast_impl.a               libabsl_hashtablez_sampler.a                      libabsl_synchronization.a   libpiall.so                 libpip4info.so.0            libsysrepo.so.0.7.5
libabsl_bad_optional_access.a             libabsl_int128.a                                  libabsl_throw_delegate.a    libpiall.so.0               libpip4info.so.0.0.0        libthrift-0.13.0.so
libabsl_bad_variant_access.a              libabsl_leak_check.a                              libabsl_time.a              libpiall.so.0.0.0           libpiprotobuf.a             libthrift.a
libabsl_base.a                            libabsl_leak_check_disable.a                      libabsl_time_zone.a         libpiconvertproto.a         libpiprotobuf.la            libthrift.la
libabsl_city.a                            libabsl_log_severity.a                            libaddress_sorting.a        libpiconvertproto.la        libpiprotobuf.so            libthrift.so
libabsl_civil_time.a                      libabsl_low_level_hash.a                          libcares.a                  libpiconvertproto.so        libpiprotobuf.so.0          libthriftnb-0.13.0.so
libabsl_cord.a                            libabsl_malloc_internal.a                         libgpr.a                    libpiconvertproto.so.0      libpiprotobuf.so.0.0.0      libthriftnb.a
libabsl_cord_internal.a                   libabsl_periodic_sampler.a                        libgrpc++.a                 libpiconvertproto.so.0.0.0  libpiprotogrpc.a            libthriftnb.la
libabsl_cordz_functions.a                 libabsl_random_distributions.a                    libgrpc++_alts.a            libpifecpp.a                libpiprotogrpc.la           libthriftnb.so
libabsl_cordz_handle.a                    libabsl_random_internal_distribution_test_util.a  libgrpc++_error_details.a   libpifecpp.la               libpiprotogrpc.so           libthriftz-0.13.0.so
libabsl_cordz_info.a                      libabsl_random_internal_platform.a                libgrpc++_reflection.a      libpifecpp.so               libpiprotogrpc.so.0         libthriftz.a
libabsl_cordz_sample_token.a              libabsl_random_internal_pool_urbg.a               libgrpc++_unsecure.a        libpifecpp.so.0             libpiprotogrpc.so.0.0.0     libthriftz.la
libabsl_debugging_internal.a              libabsl_random_internal_randen.a                  libgrpc.a                   libpifecpp.so.0.0.0         libprotobuf-lite.a          libthriftz.so
libabsl_demangle_internal.a               libabsl_random_internal_randen_hwaes.a            libgrpc_plugin_support.a    libpifegeneric.a            libprotobuf-lite.la         libupb.a
libabsl_examine_stack.a                   libabsl_random_internal_randen_hwaes_impl.a       libgrpc_unsecure.a          libpifegeneric.la           libprotobuf-lite.so         libyang
libabsl_exponential_biased.a              libabsl_random_internal_randen_slow.a             libgrpcpp_channelz.a        libpifegeneric.so           libprotobuf-lite.so.29      libyang.so
libabsl_failure_signal_handler.a          libabsl_random_internal_seed_material.a           libnanomsg.so               libpifegeneric.so.0         libprotobuf-lite.so.29.0.1  libyang.so.0.16
libabsl_flags.a                           libabsl_random_seed_gen_exception.a               libnanomsg.so.1.0.0         libpifegeneric.so.0.0.0     libprotobuf.a               libyang.so.0.16.41
libabsl_flags_commandlineflag.a           libabsl_random_seed_sequences.a                   libnanomsg.so.5.0.0         libpifeproto.a              libprotobuf.la              libz.a
libabsl_flags_commandlineflag_internal.a  libabsl_raw_hash_set.a                            libpi.a                     libpifeproto.la             libprotobuf.so              libz.so
libabsl_flags_config.a                    libabsl_raw_logging_internal.a                    libpi.la                    libpifeproto.so             libprotobuf.so.29           libz.so.1
libabsl_flags_internal.a                  libabsl_scoped_set_env.a                          libpi.so                    libpifeproto.so.0           libprotobuf.so.29.0.1       libz.so.1.2.11
libabsl_flags_marshalling.a               libabsl_spinlock_wait.a                           libpi.so.0                  libpifeproto.so.0.0.0       libprotoc.a                 pkgconfig
libabsl_flags_parse.a                     libabsl_stacktrace.a                              libpi.so.0.0.0              libpigrpcserver.a           libprotoc.la                python3.8
libabsl_flags_private_handle_accessor.a   libabsl_status.a                                  libpi_dummy.a               libpigrpcserver.la          libprotoc.so                sysrepo
libabsl_flags_program_name.a              libabsl_statusor.a                                libpi_dummy.la              libpigrpcserver.so          libprotoc.so.29
libabsl_flags_reflection.a                libabsl_str_format_internal.a                     libpi_dummy.so              libpigrpcserver.so.0        libprotoc.so.29.0.1

root@97acd178acec:/usr/local/lib# ls -1
cmake
libSysrepo-cpp.so
libSysrepo-cpp.so.0.7
libSysrepo-cpp.so.0.7.5
libabsl_bad_any_cast_impl.a
libabsl_bad_optional_access.a
libabsl_bad_variant_access.a
libabsl_base.a
libabsl_city.a
libabsl_civil_time.a
libabsl_cord.a
libabsl_cord_internal.a
libabsl_cordz_functions.a
libabsl_cordz_handle.a
libabsl_cordz_info.a
libabsl_cordz_sample_token.a
libabsl_debugging_internal.a
libabsl_demangle_internal.a
libabsl_examine_stack.a
libabsl_exponential_biased.a
libabsl_failure_signal_handler.a
libabsl_flags.a
libabsl_flags_commandlineflag.a
libabsl_flags_commandlineflag_internal.a
libabsl_flags_config.a
libabsl_flags_internal.a
libabsl_flags_marshalling.a
libabsl_flags_parse.a
libabsl_flags_private_handle_accessor.a
libabsl_flags_program_name.a
libabsl_flags_reflection.a
libabsl_flags_usage.a
libabsl_flags_usage_internal.a
libabsl_graphcycles_internal.a
libabsl_hash.a
libabsl_hashtablez_sampler.a
libabsl_int128.a
libabsl_leak_check.a
libabsl_leak_check_disable.a
libabsl_log_severity.a
libabsl_low_level_hash.a
libabsl_malloc_internal.a
libabsl_periodic_sampler.a
libabsl_random_distributions.a
libabsl_random_internal_distribution_test_util.a
libabsl_random_internal_platform.a
libabsl_random_internal_pool_urbg.a
libabsl_random_internal_randen.a
libabsl_random_internal_randen_hwaes.a
libabsl_random_internal_randen_hwaes_impl.a
libabsl_random_internal_randen_slow.a
libabsl_random_internal_seed_material.a
libabsl_random_seed_gen_exception.a
libabsl_random_seed_sequences.a
libabsl_raw_hash_set.a
libabsl_raw_logging_internal.a
libabsl_scoped_set_env.a
libabsl_spinlock_wait.a
libabsl_stacktrace.a
libabsl_status.a
libabsl_statusor.a
libabsl_str_format_internal.a
libabsl_strerror.a
libabsl_strings.a
libabsl_strings_internal.a
libabsl_symbolize.a
libabsl_synchronization.a
libabsl_throw_delegate.a
libabsl_time.a
libabsl_time_zone.a
libaddress_sorting.a
libcares.a
libgpr.a
libgrpc++.a
libgrpc++_alts.a
libgrpc++_error_details.a
libgrpc++_reflection.a
libgrpc++_unsecure.a
libgrpc.a
libgrpc_plugin_support.a
libgrpc_unsecure.a
libgrpcpp_channelz.a
libnanomsg.so
libnanomsg.so.1.0.0
libnanomsg.so.5.0.0
libpi.a
libpi.la
libpi.so
libpi.so.0
libpi.so.0.0.0
libpi_dummy.a
libpi_dummy.la
libpi_dummy.so
libpi_dummy.so.0
libpi_dummy.so.0.0.0
libpiall.a
libpiall.la
libpiall.so
libpiall.so.0
libpiall.so.0.0.0
libpiconvertproto.a
libpiconvertproto.la
libpiconvertproto.so
libpiconvertproto.so.0
libpiconvertproto.so.0.0.0
libpifecpp.a
libpifecpp.la
libpifecpp.so
libpifecpp.so.0
libpifecpp.so.0.0.0
libpifegeneric.a
libpifegeneric.la
libpifegeneric.so
libpifegeneric.so.0
libpifegeneric.so.0.0.0
libpifeproto.a
libpifeproto.la
libpifeproto.so
libpifeproto.so.0
libpifeproto.so.0.0.0
libpigrpcserver.a
libpigrpcserver.la
libpigrpcserver.so
libpigrpcserver.so.0
libpigrpcserver.so.0.0.0
libpip4info.a
libpip4info.la
libpip4info.so
libpip4info.so.0
libpip4info.so.0.0.0
libpiprotobuf.a
libpiprotobuf.la
libpiprotobuf.so
libpiprotobuf.so.0
libpiprotobuf.so.0.0.0
libpiprotogrpc.a
libpiprotogrpc.la
libpiprotogrpc.so
libpiprotogrpc.so.0
libpiprotogrpc.so.0.0.0
libprotobuf-lite.a
libprotobuf-lite.la
libprotobuf-lite.so
libprotobuf-lite.so.29
libprotobuf-lite.so.29.0.1
libprotobuf.a
libprotobuf.la
libprotobuf.so
libprotobuf.so.29
libprotobuf.so.29.0.1
libprotoc.a
libprotoc.la
libprotoc.so
libprotoc.so.29
libprotoc.so.29.0.1
libre2.a
libsysrepo.a
libsysrepo.so
libsysrepo.so.0.7
libsysrepo.so.0.7.5
libthrift-0.13.0.so
libthrift.a
libthrift.la
libthrift.so
libthriftnb-0.13.0.so
libthriftnb.a
libthriftnb.la
libthriftnb.so
libthriftz-0.13.0.so
libthriftz.a
libthriftz.la
libthriftz.so
libupb.a
libyang
libyang.so
libyang.so.0.16
libyang.so.0.16.41
libz.a
libz.so
libz.so.1
libz.so.1.2.11
pkgconfig
python3.8
sysrepo
